../Core/Src/main.c:77:5:_write	24	static
../Core/Src/main.c:83:6:HAL_UART_RxCpltCallback	16	static
../Core/Src/main.c:94:5:main	24	static
../Core/Src/main.c:156:6:SystemClock_Config	96	static
../Core/Src/main.c:206:13:MX_ADC1_Init	48	static
../Core/Src/main.c:300:13:MX_USART1_UART_Init	8	static
../Core/Src/main.c:335:13:MX_USART2_UART_Init	8	static
../Core/Src/main.c:368:13:MX_DMA_Init	16	static
../Core/Src/main.c:386:13:MX_GPIO_Init	48	static
../Core/Src/main.c:438:6:Error_Handler	4	static,ignoring_inline_asm
